============================= test session starts ==============================
platform linux -- Python 3.12.3, pytest-9.1.1, pluggy-1.6.0
rootdir: /home/runner/_work/vera-engine/vera-engine
configfile: pyproject.toml
collected 380 items / 4 deselected / 376 selected

tests/test_auto_select.py .............................................. [ 12%]
........                                                                 [ 14%]
tests/test_builders.py ................................................. [ 27%]
...........................                                              [ 34%]
tests/test_capacity.py ..................................                [ 43%]
tests/test_cli.py ..................................                     [ 52%]
tests/test_config.py .........                                           [ 55%]
tests/test_credentials.py .............................................  [ 67%]
tests/test_invocation.py ..........................                      [ 73%]
tests/test_models.py .............                                       [ 77%]
tests/test_pricing.py ..........                                         [ 80%]
tests/test_render_local.py ............................................  [ 91%]
tests/test_request.py .......................                            [ 97%]
tests/test_selection.py ........                                         [100%]

====================== 376 passed, 4 deselected in 3.82s =======================
